// Jest Snapshot v1, https://goo.gl/fbAQLP

exports[`#createImageScanEntity should convert to entity 1`] = `
Object {
  "_class": Array [
    "Assessment",
  ],
  "_key": "sysdig_image_scan:17144f2f45c295bc2fdcae5db51044ca",
  "_rawData": Array [
    Object {
      "name": "default",
      "rawData": Object {
        "fixablePackages": Array [],
        "id": "17144f2f45c295bc2fdcae5db51044ca",
        "isEVEEnabled": false,
        "labels": null,
        "metadata": Object {
          "architecture": "amd64",
          "author": "",
          "baseOS": "debian 11.5",
          "createdAt": "2022-09-13T00:56:19.369186372Z",
          "digest": "debian@sha256:73060f9fdf46e142b63fddde45759f12aea093156445c32ab667338d0563f5c4",
          "imageId": "sha256:43d28810c1b4c28a1be3bac8e0e40fcc472b2bfcfcda952544ed99cb874d2b1a",
          "labels": null,
          "layersCount": 1,
          "os": "linux",
          "pullString": "debian",
          "size": 129313792,
        },
        "packageCount": 96,
        "packageTypes": Array [
          "os",
        ],
        "policyEvaluations": Array [
          Object {
            "creationTimestamp": "2022-09-02T11:58:59.03062Z",
            "evaluationResult": "failed",
            "failuresCount": Object {
              "imageConfigCreationDate": 0,
              "imageConfigDefaultUser": 0,
              "imageConfigEnvVariable": 0,
              "imageConfigInstructionIsPkgManager": 0,
              "imageConfigInstructionNotRecommended": 0,
              "imageConfigLabel": 0,
              "imageConfigSensitiveInformationAndSecrets": 0,
              "vulnDenyList": 0,
              "vulnSeverityAndThreats": 2,
            },
            "id": "17144f2f45c295bc9785414e83306ba9",
            "identifier": "sysdig_best_practices",
            "name": "Sysdig Best Practices",
            "policyType": "alwaysApply",
            "updateTimestamp": "2022-09-02T11:58:59.03062Z",
          },
        ],
        "runningFixablePackages": null,
        "storedAt": "2022-09-13T03:53:46.858993084Z",
        "type": "dockerImage",
        "vulnsBySev": Array [
          Object {
            "fixableCount": 1,
            "totalCount": 1,
          },
        ],
      },
    },
  ],
  "_type": "sysdig_image_scan",
  "category": "Image Scan",
  "createdOn": undefined,
  "displayName": "debian",
  "fixablePackages": Array [],
  "id": "17144f2f45c295bc2fdcae5db51044ca",
  "internal": false,
  "metadata.architecture": "amd64",
  "metadata.author": "",
  "metadata.baseOS": "debian 11.5",
  "metadata.createdAt": 1663030579369,
  "metadata.digest": "debian@sha256:73060f9fdf46e142b63fddde45759f12aea093156445c32ab667338d0563f5c4",
  "metadata.imageId": "sha256:43d28810c1b4c28a1be3bac8e0e40fcc472b2bfcfcda952544ed99cb874d2b1a",
  "metadata.labels": null,
  "metadata.layersCount": 1,
  "metadata.os": "linux",
  "metadata.pullString": "debian",
  "metadata.size": 129313792,
  "name": "debian",
  "packageCount": 96,
  "packageTypes": Array [
    "os",
  ],
  "storedAt": 1663041226858,
  "summary": "Image Scan",
  "type": "dockerImage",
  "vulnsBySev": Array [
    1,
  ],
}
`;
